------------------------------------------------------------
TimeQuest Timing Analyzer Summary
------------------------------------------------------------

Type  : Slow 1200mV 85C Model Setup 'CLOCK_50'
Slack : -4.321
TNS   : -66.100

Type  : Slow 1200mV 85C Model Setup 'freqDivider:freqDiv|clkOut'
Slack : -3.747
TNS   : -267.370

Type  : Slow 1200mV 85C Model Hold 'freqDivider:freqDiv|clkOut'
Slack : 0.386
TNS   : 0.000

Type  : Slow 1200mV 85C Model Hold 'CLOCK_50'
Slack : 0.654
TNS   : 0.000

Type  : Slow 1200mV 85C Model Minimum Pulse Width 'CLOCK_50'
Slack : -3.000
TNS   : -44.120

Type  : Slow 1200mV 85C Model Minimum Pulse Width 'freqDivider:freqDiv|clkOut'
Slack : -1.285
TNS   : -123.360

Type  : Slow 1200mV 0C Model Setup 'CLOCK_50'
Slack : -3.913
TNS   : -56.135

Type  : Slow 1200mV 0C Model Setup 'freqDivider:freqDiv|clkOut'
Slack : -3.364
TNS   : -233.260

Type  : Slow 1200mV 0C Model Hold 'freqDivider:freqDiv|clkOut'
Slack : 0.340
TNS   : 0.000

Type  : Slow 1200mV 0C Model Hold 'CLOCK_50'
Slack : 0.599
TNS   : 0.000

Type  : Slow 1200mV 0C Model Minimum Pulse Width 'CLOCK_50'
Slack : -3.000
TNS   : -44.120

Type  : Slow 1200mV 0C Model Minimum Pulse Width 'freqDivider:freqDiv|clkOut'
Slack : -1.285
TNS   : -123.360

Type  : Fast 1200mV 0C Model Setup 'CLOCK_50'
Slack : -1.647
TNS   : -17.773

Type  : Fast 1200mV 0C Model Setup 'freqDivider:freqDiv|clkOut'
Slack : -1.381
TNS   : -85.255

Type  : Fast 1200mV 0C Model Hold 'freqDivider:freqDiv|clkOut'
Slack : 0.174
TNS   : 0.000

Type  : Fast 1200mV 0C Model Hold 'CLOCK_50'
Slack : 0.298
TNS   : 0.000

Type  : Fast 1200mV 0C Model Minimum Pulse Width 'CLOCK_50'
Slack : -3.000
TNS   : -36.961

Type  : Fast 1200mV 0C Model Minimum Pulse Width 'freqDivider:freqDiv|clkOut'
Slack : -1.000
TNS   : -96.000

------------------------------------------------------------
