Analysis & Synthesis report for baseClock
Mon May 29 19:53:07 2017
Quartus Prime Version 16.1.0 Build 196 10/24/2016 SJ Lite Edition


---------------------
; Table of Contents ;
---------------------
  1. Legal Notice
  2. Analysis & Synthesis Summary
  3. Analysis & Synthesis Settings
  4. Parallel Compilation
  5. Analysis & Synthesis Source Files Read
  6. Analysis & Synthesis Resource Usage Summary
  7. Analysis & Synthesis Resource Utilization by Entity
  8. Registers Removed During Synthesis
  9. General Register Statistics
 10. Inverted Register Statistics
 11. Multiplexer Restructuring Statistics (Restructuring Performed)
 12. Parameter Settings for User Entity Instance: freqDivider:freqDiv
 13. Parameter Settings for User Entity Instance: freqDivider:freqDiv2
 14. Parameter Settings for User Entity Instance: debouncer:db0
 15. Parameter Settings for User Entity Instance: debouncer:db1
 16. Parameter Settings for User Entity Instance: debouncer:db2
 17. Parameter Settings for User Entity Instance: debouncer:db3
 18. Parameter Settings for Inferred Entity Instance: Bin2BCD:bin2BCD|lpm_divide:Mod0
 19. Parameter Settings for Inferred Entity Instance: Bin2BCD:bin2BCD|lpm_divide:Div0
 20. Parameter Settings for Inferred Entity Instance: Bin2BCD:bin2BCD|lpm_divide:Mod1
 21. Parameter Settings for Inferred Entity Instance: Bin2BCD:bin2BCD|lpm_divide:Div1
 22. Parameter Settings for Inferred Entity Instance: Bin2BCD:bin2BCD|lpm_divide:Mod2
 23. Parameter Settings for Inferred Entity Instance: Bin2BCD:bin2BCD|lpm_divide:Div2
 24. Port Connectivity Checks: "debouncer:db3"
 25. Port Connectivity Checks: "debouncer:db2"
 26. Port Connectivity Checks: "debouncer:db1"
 27. Port Connectivity Checks: "debouncer:db0"
 28. Port Connectivity Checks: "Bin2BCD:bin2BCD"
 29. Post-Synthesis Netlist Statistics for Top Partition
 30. Elapsed Time Per Partition
 31. Analysis & Synthesis Messages



----------------
; Legal Notice ;
----------------
Copyright (C) 2016  Intel Corporation. All rights reserved.
Your use of Intel Corporation's design tools, logic functions 
and other software and tools, and its AMPP partner logic 
functions, and any output files from any of the foregoing 
(including device programming or simulation files), and any 
associated documentation or information are expressly subject 
to the terms and conditions of the Intel Program License 
Subscription Agreement, the Intel Quartus Prime License Agreement,
the Intel MegaCore Function License Agreement, or other 
applicable license agreement, including, without limitation, 
that your use is for the sole purpose of programming logic 
devices manufactured by Intel and sold by Intel or its 
authorized distributors.  Please refer to the applicable 
agreement for further details.



+----------------------------------------------------------------------------------+
; Analysis & Synthesis Summary                                                     ;
+------------------------------------+---------------------------------------------+
; Analysis & Synthesis Status        ; Successful - Mon May 29 19:53:07 2017       ;
; Quartus Prime Version              ; 16.1.0 Build 196 10/24/2016 SJ Lite Edition ;
; Revision Name                      ; baseClock                                   ;
; Top-level Entity Name              ; Clock                                       ;
; Family                             ; Cyclone IV E                                ;
; Total logic elements               ; 654                                         ;
;     Total combinational functions  ; 646                                         ;
;     Dedicated logic registers      ; 127                                         ;
; Total registers                    ; 127                                         ;
; Total pins                         ; 72                                          ;
; Total virtual pins                 ; 0                                           ;
; Total memory bits                  ; 0                                           ;
; Embedded Multiplier 9-bit elements ; 0                                           ;
; Total PLLs                         ; 0                                           ;
+------------------------------------+---------------------------------------------+


+----------------------------------------------------------------------------------------------------------------------+
; Analysis & Synthesis Settings                                                                                        ;
+----------------------------------------------------------------------------+--------------------+--------------------+
; Option                                                                     ; Setting            ; Default Value      ;
+----------------------------------------------------------------------------+--------------------+--------------------+
; Device                                                                     ; EP4CE115F29C7      ;                    ;
; Top-level entity name                                                      ; Clock              ; baseClock          ;
; Family name                                                                ; Cyclone IV E       ; Cyclone V          ;
; Use smart compilation                                                      ; Off                ; Off                ;
; Enable parallel Assembler and TimeQuest Timing Analyzer during compilation ; On                 ; On                 ;
; Enable compact report table                                                ; Off                ; Off                ;
; Restructure Multiplexers                                                   ; Auto               ; Auto               ;
; Create Debugging Nodes for IP Cores                                        ; Off                ; Off                ;
; Preserve fewer node names                                                  ; On                 ; On                 ;
; OpenCore Plus hardware evaluation                                          ; Enable             ; Enable             ;
; Verilog Version                                                            ; Verilog_2001       ; Verilog_2001       ;
; VHDL Version                                                               ; VHDL_1993          ; VHDL_1993          ;
; State Machine Processing                                                   ; Auto               ; Auto               ;
; Safe State Machine                                                         ; Off                ; Off                ;
; Extract Verilog State Machines                                             ; On                 ; On                 ;
; Extract VHDL State Machines                                                ; On                 ; On                 ;
; Ignore Verilog initial constructs                                          ; Off                ; Off                ;
; Iteration limit for constant Verilog loops                                 ; 5000               ; 5000               ;
; Iteration limit for non-constant Verilog loops                             ; 250                ; 250                ;
; Add Pass-Through Logic to Inferred RAMs                                    ; On                 ; On                 ;
; Infer RAMs from Raw Logic                                                  ; On                 ; On                 ;
; Parallel Synthesis                                                         ; On                 ; On                 ;
; DSP Block Balancing                                                        ; Auto               ; Auto               ;
; NOT Gate Push-Back                                                         ; On                 ; On                 ;
; Power-Up Don't Care                                                        ; On                 ; On                 ;
; Remove Redundant Logic Cells                                               ; Off                ; Off                ;
; Remove Duplicate Registers                                                 ; On                 ; On                 ;
; Ignore CARRY Buffers                                                       ; Off                ; Off                ;
; Ignore CASCADE Buffers                                                     ; Off                ; Off                ;
; Ignore GLOBAL Buffers                                                      ; Off                ; Off                ;
; Ignore ROW GLOBAL Buffers                                                  ; Off                ; Off                ;
; Ignore LCELL Buffers                                                       ; Off                ; Off                ;
; Ignore SOFT Buffers                                                        ; On                 ; On                 ;
; Limit AHDL Integers to 32 Bits                                             ; Off                ; Off                ;
; Optimization Technique                                                     ; Balanced           ; Balanced           ;
; Carry Chain Length                                                         ; 70                 ; 70                 ;
; Auto Carry Chains                                                          ; On                 ; On                 ;
; Auto Open-Drain Pins                                                       ; On                 ; On                 ;
; Perform WYSIWYG Primitive Resynthesis                                      ; Off                ; Off                ;
; Auto ROM Replacement                                                       ; On                 ; On                 ;
; Auto RAM Replacement                                                       ; On                 ; On                 ;
; Auto DSP Block Replacement                                                 ; On                 ; On                 ;
; Auto Shift Register Replacement                                            ; Auto               ; Auto               ;
; Allow Shift Register Merging across Hierarchies                            ; Auto               ; Auto               ;
; Auto Clock Enable Replacement                                              ; On                 ; On                 ;
; Strict RAM Replacement                                                     ; Off                ; Off                ;
; Allow Synchronous Control Signals                                          ; On                 ; On                 ;
; Force Use of Synchronous Clear Signals                                     ; Off                ; Off                ;
; Auto RAM Block Balancing                                                   ; On                 ; On                 ;
; Auto RAM to Logic Cell Conversion                                          ; Off                ; Off                ;
; Auto Resource Sharing                                                      ; Off                ; Off                ;
; Allow Any RAM Size For Recognition                                         ; Off                ; Off                ;
; Allow Any ROM Size For Recognition                                         ; Off                ; Off                ;
; Allow Any Shift Register Size For Recognition                              ; Off                ; Off                ;
; Use LogicLock Constraints during Resource Balancing                        ; On                 ; On                 ;
; Ignore translate_off and synthesis_off directives                          ; Off                ; Off                ;
; Timing-Driven Synthesis                                                    ; On                 ; On                 ;
; Report Parameter Settings                                                  ; On                 ; On                 ;
; Report Source Assignments                                                  ; On                 ; On                 ;
; Report Connectivity Checks                                                 ; On                 ; On                 ;
; Ignore Maximum Fan-Out Assignments                                         ; Off                ; Off                ;
; Synchronization Register Chain Length                                      ; 2                  ; 2                  ;
; PowerPlay Power Optimization During Synthesis                              ; Normal compilation ; Normal compilation ;
; HDL message level                                                          ; Level2             ; Level2             ;
; Suppress Register Optimization Related Messages                            ; Off                ; Off                ;
; Number of Removed Registers Reported in Synthesis Report                   ; 5000               ; 5000               ;
; Number of Swept Nodes Reported in Synthesis Report                         ; 5000               ; 5000               ;
; Number of Inverted Registers Reported in Synthesis Report                  ; 100                ; 100                ;
; Clock MUX Protection                                                       ; On                 ; On                 ;
; Auto Gated Clock Conversion                                                ; Off                ; Off                ;
; Block Design Naming                                                        ; Auto               ; Auto               ;
; SDC constraint protection                                                  ; Off                ; Off                ;
; Synthesis Effort                                                           ; Auto               ; Auto               ;
; Shift Register Replacement - Allow Asynchronous Clear Signal               ; On                 ; On                 ;
; Pre-Mapping Resynthesis Optimization                                       ; Off                ; Off                ;
; Analysis & Synthesis Message Level                                         ; Medium             ; Medium             ;
; Disable Register Merging Across Hierarchies                                ; Auto               ; Auto               ;
; Resource Aware Inference For Block RAM                                     ; On                 ; On                 ;
+----------------------------------------------------------------------------+--------------------+--------------------+


+------------------------------------------+
; Parallel Compilation                     ;
+----------------------------+-------------+
; Processors                 ; Number      ;
+----------------------------+-------------+
; Number detected on machine ; 8           ;
; Maximum allowed            ; 4           ;
;                            ;             ;
; Average used               ; 1.00        ;
; Maximum used               ; 4           ;
;                            ;             ;
; Usage by Processor         ; % Time Used ;
;     Processor 1            ; 100.0%      ;
;     Processors 2-4         ;   0.0%      ;
+----------------------------+-------------+


+-------------------------------------------------------------------------------------------------------------------------------------------------------------------------------------------------+
; Analysis & Synthesis Source Files Read                                                                                                                                                          ;
+----------------------------------+-----------------+------------------------------+---------------------------------------------------------------------------------------------------+---------+
; File Name with User-Entered Path ; Used in Netlist ; File Type                    ; File Name with Absolute Path                                                                      ; Library ;
+----------------------------------+-----------------+------------------------------+---------------------------------------------------------------------------------------------------+---------+
; freqDivider.vhd                  ; yes             ; User VHDL File               ; C:/Users/masil/Desktop/UA/1ano/2semestre/LSD/ProjetoFinal/Final/phase2/freqDivider.vhd            ;         ;
; Bin7SegDecoder.vhd               ; yes             ; User VHDL File               ; C:/Users/masil/Desktop/UA/1ano/2semestre/LSD/ProjetoFinal/Final/phase2/Bin7SegDecoder.vhd         ;         ;
; Bin2BCD.vhd                      ; yes             ; User VHDL File               ; C:/Users/masil/Desktop/UA/1ano/2semestre/LSD/ProjetoFinal/Final/phase2/Bin2BCD.vhd                ;         ;
; Clock.vhd                        ; yes             ; User VHDL File               ; C:/Users/masil/Desktop/UA/1ano/2semestre/LSD/ProjetoFinal/Final/phase2/Clock.vhd                  ;         ;
; debouncer.vhd                    ; yes             ; User VHDL File               ; C:/Users/masil/Desktop/UA/1ano/2semestre/LSD/ProjetoFinal/Final/phase2/debouncer.vhd              ;         ;
; lpm_divide.tdf                   ; yes             ; Megafunction                 ; d:/programas/altera_lite/quartus/libraries/megafunctions/lpm_divide.tdf                           ;         ;
; abs_divider.inc                  ; yes             ; Megafunction                 ; d:/programas/altera_lite/quartus/libraries/megafunctions/abs_divider.inc                          ;         ;
; sign_div_unsign.inc              ; yes             ; Megafunction                 ; d:/programas/altera_lite/quartus/libraries/megafunctions/sign_div_unsign.inc                      ;         ;
; aglobal161.inc                   ; yes             ; Megafunction                 ; d:/programas/altera_lite/quartus/libraries/megafunctions/aglobal161.inc                           ;         ;
; db/lpm_divide_q9m.tdf            ; yes             ; Auto-Generated Megafunction  ; C:/Users/masil/Desktop/UA/1ano/2semestre/LSD/ProjetoFinal/Final/phase2/db/lpm_divide_q9m.tdf      ;         ;
; db/sign_div_unsign_fkh.tdf       ; yes             ; Auto-Generated Megafunction  ; C:/Users/masil/Desktop/UA/1ano/2semestre/LSD/ProjetoFinal/Final/phase2/db/sign_div_unsign_fkh.tdf ;         ;
; db/alt_u_div_i4f.tdf             ; yes             ; Auto-Generated Megafunction  ; C:/Users/masil/Desktop/UA/1ano/2semestre/LSD/ProjetoFinal/Final/phase2/db/alt_u_div_i4f.tdf       ;         ;
; db/add_sub_7pc.tdf               ; yes             ; Auto-Generated Megafunction  ; C:/Users/masil/Desktop/UA/1ano/2semestre/LSD/ProjetoFinal/Final/phase2/db/add_sub_7pc.tdf         ;         ;
; db/add_sub_8pc.tdf               ; yes             ; Auto-Generated Megafunction  ; C:/Users/masil/Desktop/UA/1ano/2semestre/LSD/ProjetoFinal/Final/phase2/db/add_sub_8pc.tdf         ;         ;
; db/lpm_divide_jhm.tdf            ; yes             ; Auto-Generated Megafunction  ; C:/Users/masil/Desktop/UA/1ano/2semestre/LSD/ProjetoFinal/Final/phase2/db/lpm_divide_jhm.tdf      ;         ;
; db/sign_div_unsign_bkh.tdf       ; yes             ; Auto-Generated Megafunction  ; C:/Users/masil/Desktop/UA/1ano/2semestre/LSD/ProjetoFinal/Final/phase2/db/sign_div_unsign_bkh.tdf ;         ;
; db/alt_u_div_a4f.tdf             ; yes             ; Auto-Generated Megafunction  ; C:/Users/masil/Desktop/UA/1ano/2semestre/LSD/ProjetoFinal/Final/phase2/db/alt_u_div_a4f.tdf       ;         ;
+----------------------------------+-----------------+------------------------------+---------------------------------------------------------------------------------------------------+---------+


+--------------------------------------------------------------+
; Analysis & Synthesis Resource Usage Summary                  ;
+---------------------------------------------+----------------+
; Resource                                    ; Usage          ;
+---------------------------------------------+----------------+
; Estimated Total logic elements              ; 654            ;
;                                             ;                ;
; Total combinational functions               ; 646            ;
; Logic element usage by number of LUT inputs ;                ;
;     -- 4 input functions                    ; 295            ;
;     -- 3 input functions                    ; 104            ;
;     -- <=2 input functions                  ; 247            ;
;                                             ;                ;
; Logic elements by mode                      ;                ;
;     -- normal mode                          ; 465            ;
;     -- arithmetic mode                      ; 181            ;
;                                             ;                ;
; Total registers                             ; 127            ;
;     -- Dedicated logic registers            ; 127            ;
;     -- I/O registers                        ; 0              ;
;                                             ;                ;
; I/O pins                                    ; 72             ;
;                                             ;                ;
; Embedded Multiplier 9-bit elements          ; 0              ;
;                                             ;                ;
; Maximum fan-out node                        ; CLOCK_50~input ;
; Maximum fan-out                             ; 70             ;
; Total fan-out                               ; 2383           ;
; Average fan-out                             ; 2.60           ;
+---------------------------------------------+----------------+


+------------------------------------------------------------------------------------------------------------------------------------------------------------------------------------------------------------------------------------------------------------------------------------------------------------------------------------+
; Analysis & Synthesis Resource Utilization by Entity                                                                                                                                                                                                                                                                                ;
+-------------------------------------------+---------------------+---------------------------+-------------+--------------+---------+-----------+------+--------------+------------------------------------------------------------------------------------------------------------------------+---------------------+--------------+
; Compilation Hierarchy Node                ; Combinational ALUTs ; Dedicated Logic Registers ; Memory Bits ; DSP Elements ; DSP 9x9 ; DSP 18x18 ; Pins ; Virtual Pins ; Full Hierarchy Name                                                                                                    ; Entity Name         ; Library Name ;
+-------------------------------------------+---------------------+---------------------------+-------------+--------------+---------+-----------+------+--------------+------------------------------------------------------------------------------------------------------------------------+---------------------+--------------+
; |Clock                                    ; 646 (359)           ; 127 (57)                  ; 0           ; 0            ; 0       ; 0         ; 72   ; 0            ; |Clock                                                                                                                 ; Clock               ; work         ;
;    |Bin2BCD:bin2BCD|                      ; 125 (0)             ; 0 (0)                     ; 0           ; 0            ; 0       ; 0         ; 0    ; 0            ; |Clock|Bin2BCD:bin2BCD                                                                                                 ; Bin2BCD             ; work         ;
;       |lpm_divide:Mod0|                   ; 48 (0)              ; 0 (0)                     ; 0           ; 0            ; 0       ; 0         ; 0    ; 0            ; |Clock|Bin2BCD:bin2BCD|lpm_divide:Mod0                                                                                 ; lpm_divide          ; work         ;
;          |lpm_divide_q9m:auto_generated|  ; 48 (0)              ; 0 (0)                     ; 0           ; 0            ; 0       ; 0         ; 0    ; 0            ; |Clock|Bin2BCD:bin2BCD|lpm_divide:Mod0|lpm_divide_q9m:auto_generated                                                   ; lpm_divide_q9m      ; work         ;
;             |sign_div_unsign_fkh:divider| ; 48 (0)              ; 0 (0)                     ; 0           ; 0            ; 0       ; 0         ; 0    ; 0            ; |Clock|Bin2BCD:bin2BCD|lpm_divide:Mod0|lpm_divide_q9m:auto_generated|sign_div_unsign_fkh:divider                       ; sign_div_unsign_fkh ; work         ;
;                |alt_u_div_i4f:divider|    ; 48 (48)             ; 0 (0)                     ; 0           ; 0            ; 0       ; 0         ; 0    ; 0            ; |Clock|Bin2BCD:bin2BCD|lpm_divide:Mod0|lpm_divide_q9m:auto_generated|sign_div_unsign_fkh:divider|alt_u_div_i4f:divider ; alt_u_div_i4f       ; work         ;
;       |lpm_divide:Mod1|                   ; 48 (0)              ; 0 (0)                     ; 0           ; 0            ; 0       ; 0         ; 0    ; 0            ; |Clock|Bin2BCD:bin2BCD|lpm_divide:Mod1                                                                                 ; lpm_divide          ; work         ;
;          |lpm_divide_q9m:auto_generated|  ; 48 (0)              ; 0 (0)                     ; 0           ; 0            ; 0       ; 0         ; 0    ; 0            ; |Clock|Bin2BCD:bin2BCD|lpm_divide:Mod1|lpm_divide_q9m:auto_generated                                                   ; lpm_divide_q9m      ; work         ;
;             |sign_div_unsign_fkh:divider| ; 48 (0)              ; 0 (0)                     ; 0           ; 0            ; 0       ; 0         ; 0    ; 0            ; |Clock|Bin2BCD:bin2BCD|lpm_divide:Mod1|lpm_divide_q9m:auto_generated|sign_div_unsign_fkh:divider                       ; sign_div_unsign_fkh ; work         ;
;                |alt_u_div_i4f:divider|    ; 48 (48)             ; 0 (0)                     ; 0           ; 0            ; 0       ; 0         ; 0    ; 0            ; |Clock|Bin2BCD:bin2BCD|lpm_divide:Mod1|lpm_divide_q9m:auto_generated|sign_div_unsign_fkh:divider|alt_u_div_i4f:divider ; alt_u_div_i4f       ; work         ;
;       |lpm_divide:Mod2|                   ; 29 (0)              ; 0 (0)                     ; 0           ; 0            ; 0       ; 0         ; 0    ; 0            ; |Clock|Bin2BCD:bin2BCD|lpm_divide:Mod2                                                                                 ; lpm_divide          ; work         ;
;          |lpm_divide_q9m:auto_generated|  ; 29 (0)              ; 0 (0)                     ; 0           ; 0            ; 0       ; 0         ; 0    ; 0            ; |Clock|Bin2BCD:bin2BCD|lpm_divide:Mod2|lpm_divide_q9m:auto_generated                                                   ; lpm_divide_q9m      ; work         ;
;             |sign_div_unsign_fkh:divider| ; 29 (0)              ; 0 (0)                     ; 0           ; 0            ; 0       ; 0         ; 0    ; 0            ; |Clock|Bin2BCD:bin2BCD|lpm_divide:Mod2|lpm_divide_q9m:auto_generated|sign_div_unsign_fkh:divider                       ; sign_div_unsign_fkh ; work         ;
;                |alt_u_div_i4f:divider|    ; 29 (29)             ; 0 (0)                     ; 0           ; 0            ; 0       ; 0         ; 0    ; 0            ; |Clock|Bin2BCD:bin2BCD|lpm_divide:Mod2|lpm_divide_q9m:auto_generated|sign_div_unsign_fkh:divider|alt_u_div_i4f:divider ; alt_u_div_i4f       ; work         ;
;    |Bin7SegDecoder:b7segH1|               ; 9 (9)               ; 0 (0)                     ; 0           ; 0            ; 0       ; 0         ; 0    ; 0            ; |Clock|Bin7SegDecoder:b7segH1                                                                                          ; Bin7SegDecoder      ; work         ;
;    |Bin7SegDecoder:b7segH2|               ; 1 (1)               ; 0 (0)                     ; 0           ; 0            ; 0       ; 0         ; 0    ; 0            ; |Clock|Bin7SegDecoder:b7segH2                                                                                          ; Bin7SegDecoder      ; work         ;
;    |Bin7SegDecoder:b7segH|                ; 9 (9)               ; 0 (0)                     ; 0           ; 0            ; 0       ; 0         ; 0    ; 0            ; |Clock|Bin7SegDecoder:b7segH                                                                                           ; Bin7SegDecoder      ; work         ;
;    |Bin7SegDecoder:b7segL1|               ; 11 (11)             ; 0 (0)                     ; 0           ; 0            ; 0       ; 0         ; 0    ; 0            ; |Clock|Bin7SegDecoder:b7segL1                                                                                          ; Bin7SegDecoder      ; work         ;
;    |Bin7SegDecoder:b7segL2|               ; 10 (10)             ; 0 (0)                     ; 0           ; 0            ; 0       ; 0         ; 0    ; 0            ; |Clock|Bin7SegDecoder:b7segL2                                                                                          ; Bin7SegDecoder      ; work         ;
;    |Bin7SegDecoder:b7segL|                ; 11 (11)             ; 0 (0)                     ; 0           ; 0            ; 0       ; 0         ; 0    ; 0            ; |Clock|Bin7SegDecoder:b7segL                                                                                           ; Bin7SegDecoder      ; work         ;
;    |debouncer:db0|                        ; 0 (0)               ; 2 (2)                     ; 0           ; 0            ; 0       ; 0         ; 0    ; 0            ; |Clock|debouncer:db0                                                                                                   ; debouncer           ; work         ;
;    |debouncer:db1|                        ; 0 (0)               ; 2 (2)                     ; 0           ; 0            ; 0       ; 0         ; 0    ; 0            ; |Clock|debouncer:db1                                                                                                   ; debouncer           ; work         ;
;    |debouncer:db2|                        ; 0 (0)               ; 2 (2)                     ; 0           ; 0            ; 0       ; 0         ; 0    ; 0            ; |Clock|debouncer:db2                                                                                                   ; debouncer           ; work         ;
;    |debouncer:db3|                        ; 0 (0)               ; 2 (2)                     ; 0           ; 0            ; 0       ; 0         ; 0    ; 0            ; |Clock|debouncer:db3                                                                                                   ; debouncer           ; work         ;
;    |freqDivider:freqDiv2|                 ; 54 (54)             ; 30 (30)                   ; 0           ; 0            ; 0       ; 0         ; 0    ; 0            ; |Clock|freqDivider:freqDiv2                                                                                            ; freqDivider         ; work         ;
;    |freqDivider:freqDiv|                  ; 57 (57)             ; 32 (32)                   ; 0           ; 0            ; 0       ; 0         ; 0    ; 0            ; |Clock|freqDivider:freqDiv                                                                                             ; freqDivider         ; work         ;
+-------------------------------------------+---------------------+---------------------------+-------------+--------------+---------+-----------+------+--------------+------------------------------------------------------------------------------------------------------------------------+---------------------+--------------+
Note: For table entries with two numbers listed, the numbers in parentheses indicate the number of resources of the given type used by the specific entity alone. The numbers listed outside of parentheses indicate the total resources of the given type used by the specific entity and all of its sub-entities in the hierarchy.


+------------------------------------------------------------------------------------+
; Registers Removed During Synthesis                                                 ;
+---------------------------------------+--------------------------------------------+
; Register name                         ; Reason for Removal                         ;
+---------------------------------------+--------------------------------------------+
; debouncer:db3|timer_counter           ; Stuck at GND due to stuck port data_in     ;
; debouncer:db2|timer_counter           ; Stuck at GND due to stuck port data_in     ;
; debouncer:db1|timer_counter           ; Stuck at GND due to stuck port data_in     ;
; debouncer:db0|timer_counter           ; Stuck at GND due to stuck port data_in     ;
; freqDivider:freqDiv2|s_count[0]       ; Merged with freqDivider:freqDiv|s_count[0] ;
; freqDivider:freqDiv2|s_count[1]       ; Merged with freqDivider:freqDiv|s_count[1] ;
; Total Number of Removed Registers = 6 ;                                            ;
+---------------------------------------+--------------------------------------------+


+------------------------------------------------------+
; General Register Statistics                          ;
+----------------------------------------------+-------+
; Statistic                                    ; Value ;
+----------------------------------------------+-------+
; Total registers                              ; 127   ;
; Number of registers using Synchronous Clear  ; 7     ;
; Number of registers using Synchronous Load   ; 1     ;
; Number of registers using Asynchronous Clear ; 0     ;
; Number of registers using Asynchronous Load  ; 0     ;
; Number of registers using Clock Enable       ; 42    ;
; Number of registers using Preset             ; 0     ;
+----------------------------------------------+-------+


+--------------------------------------------------+
; Inverted Register Statistics                     ;
+----------------------------------------+---------+
; Inverted Register                      ; Fan out ;
+----------------------------------------+---------+
; am                                     ; 7       ;
; Total number of inverted registers = 1 ;         ;
+----------------------------------------+---------+


+------------------------------------------------------------------------------------------------------------------------------------------+
; Multiplexer Restructuring Statistics (Restructuring Performed)                                                                           ;
+--------------------+-----------+---------------+----------------------+------------------------+------------+----------------------------+
; Multiplexer Inputs ; Bus Width ; Baseline Area ; Area if Restructured ; Saving if Restructured ; Registered ; Example Multiplexer Output ;
+--------------------+-----------+---------------+----------------------+------------------------+------------+----------------------------+
; 4:1                ; 32 bits   ; 64 LEs        ; 64 LEs               ; 0 LEs                  ; Yes        ; |Clock|cur_sel[24]         ;
; 10:1               ; 5 bits    ; 30 LEs        ; 20 LEs               ; 10 LEs                 ; Yes        ; |Clock|sec[1]              ;
; 11:1               ; 5 bits    ; 35 LEs        ; 20 LEs               ; 15 LEs                 ; Yes        ; |Clock|min[5]              ;
; 20:1               ; 2 bits    ; 26 LEs        ; 12 LEs               ; 14 LEs                 ; Yes        ; |Clock|hour[4]             ;
; 17:1               ; 2 bits    ; 22 LEs        ; 16 LEs               ; 6 LEs                  ; No         ; |Clock|HEX2                ;
; 17:1               ; 2 bits    ; 22 LEs        ; 16 LEs               ; 6 LEs                  ; No         ; |Clock|HEX4                ;
; 17:1               ; 5 bits    ; 55 LEs        ; 25 LEs               ; 30 LEs                 ; No         ; |Clock|HEX7                ;
; 17:1               ; 2 bits    ; 22 LEs        ; 16 LEs               ; 6 LEs                  ; No         ; |Clock|HEX6                ;
; 33:1               ; 3 bits    ; 66 LEs        ; 39 LEs               ; 27 LEs                 ; No         ; |Clock|HEX3                ;
; 33:1               ; 3 bits    ; 66 LEs        ; 39 LEs               ; 27 LEs                 ; No         ; |Clock|HEX5                ;
+--------------------+-----------+---------------+----------------------+------------------------+------------+----------------------------+


+------------------------------------------------------------------+
; Parameter Settings for User Entity Instance: freqDivider:freqDiv ;
+----------------+----------+--------------------------------------+
; Parameter Name ; Value    ; Type                                 ;
+----------------+----------+--------------------------------------+
; div_factor     ; 50000000 ; Signed Integer                       ;
+----------------+----------+--------------------------------------+
Note: In order to hide this table in the UI and the text report file, please set the "Show Parameter Settings in Synthesis Report" option in "Analysis and Synthesis Settings -> More Settings" to "Off".


+-------------------------------------------------------------------+
; Parameter Settings for User Entity Instance: freqDivider:freqDiv2 ;
+----------------+----------+---------------------------------------+
; Parameter Name ; Value    ; Type                                  ;
+----------------+----------+---------------------------------------+
; div_factor     ; 15000000 ; Signed Integer                        ;
+----------------+----------+---------------------------------------+
Note: In order to hide this table in the UI and the text report file, please set the "Show Parameter Settings in Synthesis Report" option in "Analysis and Synthesis Settings -> More Settings" to "Off".


+------------------------------------------------------------+
; Parameter Settings for User Entity Instance: debouncer:db0 ;
+-----------------+------------+-----------------------------+
; Parameter Name  ; Value      ; Type                        ;
+-----------------+------------+-----------------------------+
; clock_frequency ; 50000000.0 ; Signed Float                ;
; window_duration ; 0.0        ; Signed Float                ;
; initial_level   ; '0'        ; Enumerated                  ;
+-----------------+------------+-----------------------------+
Note: In order to hide this table in the UI and the text report file, please set the "Show Parameter Settings in Synthesis Report" option in "Analysis and Synthesis Settings -> More Settings" to "Off".


+------------------------------------------------------------+
; Parameter Settings for User Entity Instance: debouncer:db1 ;
+-----------------+------------+-----------------------------+
; Parameter Name  ; Value      ; Type                        ;
+-----------------+------------+-----------------------------+
; clock_frequency ; 50000000.0 ; Signed Float                ;
; window_duration ; 0.0        ; Signed Float                ;
; initial_level   ; '0'        ; Enumerated                  ;
+-----------------+------------+-----------------------------+
Note: In order to hide this table in the UI and the text report file, please set the "Show Parameter Settings in Synthesis Report" option in "Analysis and Synthesis Settings -> More Settings" to "Off".


+------------------------------------------------------------+
; Parameter Settings for User Entity Instance: debouncer:db2 ;
+-----------------+------------+-----------------------------+
; Parameter Name  ; Value      ; Type                        ;
+-----------------+------------+-----------------------------+
; clock_frequency ; 50000000.0 ; Signed Float                ;
; window_duration ; 0.0        ; Signed Float                ;
; initial_level   ; '0'        ; Enumerated                  ;
+-----------------+------------+-----------------------------+
Note: In order to hide this table in the UI and the text report file, please set the "Show Parameter Settings in Synthesis Report" option in "Analysis and Synthesis Settings -> More Settings" to "Off".


+------------------------------------------------------------+
; Parameter Settings for User Entity Instance: debouncer:db3 ;
+-----------------+------------+-----------------------------+
; Parameter Name  ; Value      ; Type                        ;
+-----------------+------------+-----------------------------+
; clock_frequency ; 50000000.0 ; Signed Float                ;
; window_duration ; 0.0        ; Signed Float                ;
; initial_level   ; '0'        ; Enumerated                  ;
+-----------------+------------+-----------------------------+
Note: In order to hide this table in the UI and the text report file, please set the "Show Parameter Settings in Synthesis Report" option in "Analysis and Synthesis Settings -> More Settings" to "Off".


+----------------------------------------------------------------------------------+
; Parameter Settings for Inferred Entity Instance: Bin2BCD:bin2BCD|lpm_divide:Mod0 ;
+------------------------+----------------+----------------------------------------+
; Parameter Name         ; Value          ; Type                                   ;
+------------------------+----------------+----------------------------------------+
; LPM_WIDTHN             ; 8              ; Untyped                                ;
; LPM_WIDTHD             ; 8              ; Untyped                                ;
; LPM_NREPRESENTATION    ; UNSIGNED       ; Untyped                                ;
; LPM_DREPRESENTATION    ; UNSIGNED       ; Untyped                                ;
; LPM_PIPELINE           ; 0              ; Untyped                                ;
; LPM_REMAINDERPOSITIVE  ; TRUE           ; Untyped                                ;
; MAXIMIZE_SPEED         ; 5              ; Untyped                                ;
; CBXI_PARAMETER         ; lpm_divide_q9m ; Untyped                                ;
; CARRY_CHAIN            ; MANUAL         ; Untyped                                ;
; OPTIMIZE_FOR_SPEED     ; 5              ; Untyped                                ;
; AUTO_CARRY_CHAINS      ; ON             ; AUTO_CARRY                             ;
; IGNORE_CARRY_BUFFERS   ; OFF            ; IGNORE_CARRY                           ;
; AUTO_CASCADE_CHAINS    ; ON             ; AUTO_CASCADE                           ;
; IGNORE_CASCADE_BUFFERS ; OFF            ; IGNORE_CASCADE                         ;
+------------------------+----------------+----------------------------------------+
Note: In order to hide this table in the UI and the text report file, please set the "Show Parameter Settings in Synthesis Report" option in "Analysis and Synthesis Settings -> More Settings" to "Off".


+----------------------------------------------------------------------------------+
; Parameter Settings for Inferred Entity Instance: Bin2BCD:bin2BCD|lpm_divide:Div0 ;
+------------------------+----------------+----------------------------------------+
; Parameter Name         ; Value          ; Type                                   ;
+------------------------+----------------+----------------------------------------+
; LPM_WIDTHN             ; 8              ; Untyped                                ;
; LPM_WIDTHD             ; 4              ; Untyped                                ;
; LPM_NREPRESENTATION    ; UNSIGNED       ; Untyped                                ;
; LPM_DREPRESENTATION    ; UNSIGNED       ; Untyped                                ;
; LPM_PIPELINE           ; 0              ; Untyped                                ;
; LPM_REMAINDERPOSITIVE  ; TRUE           ; Untyped                                ;
; MAXIMIZE_SPEED         ; 5              ; Untyped                                ;
; CBXI_PARAMETER         ; lpm_divide_jhm ; Untyped                                ;
; CARRY_CHAIN            ; MANUAL         ; Untyped                                ;
; OPTIMIZE_FOR_SPEED     ; 5              ; Untyped                                ;
; AUTO_CARRY_CHAINS      ; ON             ; AUTO_CARRY                             ;
; IGNORE_CARRY_BUFFERS   ; OFF            ; IGNORE_CARRY                           ;
; AUTO_CASCADE_CHAINS    ; ON             ; AUTO_CASCADE                           ;
; IGNORE_CASCADE_BUFFERS ; OFF            ; IGNORE_CASCADE                         ;
+------------------------+----------------+----------------------------------------+
Note: In order to hide this table in the UI and the text report file, please set the "Show Parameter Settings in Synthesis Report" option in "Analysis and Synthesis Settings -> More Settings" to "Off".


+----------------------------------------------------------------------------------+
; Parameter Settings for Inferred Entity Instance: Bin2BCD:bin2BCD|lpm_divide:Mod1 ;
+------------------------+----------------+----------------------------------------+
; Parameter Name         ; Value          ; Type                                   ;
+------------------------+----------------+----------------------------------------+
; LPM_WIDTHN             ; 8              ; Untyped                                ;
; LPM_WIDTHD             ; 8              ; Untyped                                ;
; LPM_NREPRESENTATION    ; UNSIGNED       ; Untyped                                ;
; LPM_DREPRESENTATION    ; UNSIGNED       ; Untyped                                ;
; LPM_PIPELINE           ; 0              ; Untyped                                ;
; LPM_REMAINDERPOSITIVE  ; TRUE           ; Untyped                                ;
; MAXIMIZE_SPEED         ; 5              ; Untyped                                ;
; CBXI_PARAMETER         ; lpm_divide_q9m ; Untyped                                ;
; CARRY_CHAIN            ; MANUAL         ; Untyped                                ;
; OPTIMIZE_FOR_SPEED     ; 5              ; Untyped                                ;
; AUTO_CARRY_CHAINS      ; ON             ; AUTO_CARRY                             ;
; IGNORE_CARRY_BUFFERS   ; OFF            ; IGNORE_CARRY                           ;
; AUTO_CASCADE_CHAINS    ; ON             ; AUTO_CASCADE                           ;
; IGNORE_CASCADE_BUFFERS ; OFF            ; IGNORE_CASCADE                         ;
+------------------------+----------------+----------------------------------------+
Note: In order to hide this table in the UI and the text report file, please set the "Show Parameter Settings in Synthesis Report" option in "Analysis and Synthesis Settings -> More Settings" to "Off".


+----------------------------------------------------------------------------------+
; Parameter Settings for Inferred Entity Instance: Bin2BCD:bin2BCD|lpm_divide:Div1 ;
+------------------------+----------------+----------------------------------------+
; Parameter Name         ; Value          ; Type                                   ;
+------------------------+----------------+----------------------------------------+
; LPM_WIDTHN             ; 8              ; Untyped                                ;
; LPM_WIDTHD             ; 4              ; Untyped                                ;
; LPM_NREPRESENTATION    ; UNSIGNED       ; Untyped                                ;
; LPM_DREPRESENTATION    ; UNSIGNED       ; Untyped                                ;
; LPM_PIPELINE           ; 0              ; Untyped                                ;
; LPM_REMAINDERPOSITIVE  ; TRUE           ; Untyped                                ;
; MAXIMIZE_SPEED         ; 5              ; Untyped                                ;
; CBXI_PARAMETER         ; lpm_divide_jhm ; Untyped                                ;
; CARRY_CHAIN            ; MANUAL         ; Untyped                                ;
; OPTIMIZE_FOR_SPEED     ; 5              ; Untyped                                ;
; AUTO_CARRY_CHAINS      ; ON             ; AUTO_CARRY                             ;
; IGNORE_CARRY_BUFFERS   ; OFF            ; IGNORE_CARRY                           ;
; AUTO_CASCADE_CHAINS    ; ON             ; AUTO_CASCADE                           ;
; IGNORE_CASCADE_BUFFERS ; OFF            ; IGNORE_CASCADE                         ;
+------------------------+----------------+----------------------------------------+
Note: In order to hide this table in the UI and the text report file, please set the "Show Parameter Settings in Synthesis Report" option in "Analysis and Synthesis Settings -> More Settings" to "Off".


+----------------------------------------------------------------------------------+
; Parameter Settings for Inferred Entity Instance: Bin2BCD:bin2BCD|lpm_divide:Mod2 ;
+------------------------+----------------+----------------------------------------+
; Parameter Name         ; Value          ; Type                                   ;
+------------------------+----------------+----------------------------------------+
; LPM_WIDTHN             ; 8              ; Untyped                                ;
; LPM_WIDTHD             ; 8              ; Untyped                                ;
; LPM_NREPRESENTATION    ; UNSIGNED       ; Untyped                                ;
; LPM_DREPRESENTATION    ; UNSIGNED       ; Untyped                                ;
; LPM_PIPELINE           ; 0              ; Untyped                                ;
; LPM_REMAINDERPOSITIVE  ; TRUE           ; Untyped                                ;
; MAXIMIZE_SPEED         ; 5              ; Untyped                                ;
; CBXI_PARAMETER         ; lpm_divide_q9m ; Untyped                                ;
; CARRY_CHAIN            ; MANUAL         ; Untyped                                ;
; OPTIMIZE_FOR_SPEED     ; 5              ; Untyped                                ;
; AUTO_CARRY_CHAINS      ; ON             ; AUTO_CARRY                             ;
; IGNORE_CARRY_BUFFERS   ; OFF            ; IGNORE_CARRY                           ;
; AUTO_CASCADE_CHAINS    ; ON             ; AUTO_CASCADE                           ;
; IGNORE_CASCADE_BUFFERS ; OFF            ; IGNORE_CASCADE                         ;
+------------------------+----------------+----------------------------------------+
Note: In order to hide this table in the UI and the text report file, please set the "Show Parameter Settings in Synthesis Report" option in "Analysis and Synthesis Settings -> More Settings" to "Off".


+----------------------------------------------------------------------------------+
; Parameter Settings for Inferred Entity Instance: Bin2BCD:bin2BCD|lpm_divide:Div2 ;
+------------------------+----------------+----------------------------------------+
; Parameter Name         ; Value          ; Type                                   ;
+------------------------+----------------+----------------------------------------+
; LPM_WIDTHN             ; 8              ; Untyped                                ;
; LPM_WIDTHD             ; 4              ; Untyped                                ;
; LPM_NREPRESENTATION    ; UNSIGNED       ; Untyped                                ;
; LPM_DREPRESENTATION    ; UNSIGNED       ; Untyped                                ;
; LPM_PIPELINE           ; 0              ; Untyped                                ;
; LPM_REMAINDERPOSITIVE  ; TRUE           ; Untyped                                ;
; MAXIMIZE_SPEED         ; 5              ; Untyped                                ;
; CBXI_PARAMETER         ; lpm_divide_jhm ; Untyped                                ;
; CARRY_CHAIN            ; MANUAL         ; Untyped                                ;
; OPTIMIZE_FOR_SPEED     ; 5              ; Untyped                                ;
; AUTO_CARRY_CHAINS      ; ON             ; AUTO_CARRY                             ;
; IGNORE_CARRY_BUFFERS   ; OFF            ; IGNORE_CARRY                           ;
; AUTO_CASCADE_CHAINS    ; ON             ; AUTO_CASCADE                           ;
; IGNORE_CASCADE_BUFFERS ; OFF            ; IGNORE_CASCADE                         ;
+------------------------+----------------+----------------------------------------+
Note: In order to hide this table in the UI and the text report file, please set the "Show Parameter Settings in Synthesis Report" option in "Analysis and Synthesis Settings -> More Settings" to "Off".


+-----------------------------------------------------------------------------------------------------------------------------+
; Port Connectivity Checks: "debouncer:db3"                                                                                   ;
+-------------------+--------+----------+-------------------------------------------------------------------------------------+
; Port              ; Type   ; Severity ; Details                                                                             ;
+-------------------+--------+----------+-------------------------------------------------------------------------------------+
; zero_to_one_pulse ; Output ; Info     ; Connected to dangling logic. Logic that only feeds a dangling port will be removed. ;
; one_to_zero_pulse ; Output ; Info     ; Connected to dangling logic. Logic that only feeds a dangling port will be removed. ;
+-------------------+--------+----------+-------------------------------------------------------------------------------------+


+-----------------------------------------------------------------------------------------------------------------------------+
; Port Connectivity Checks: "debouncer:db2"                                                                                   ;
+-------------------+--------+----------+-------------------------------------------------------------------------------------+
; Port              ; Type   ; Severity ; Details                                                                             ;
+-------------------+--------+----------+-------------------------------------------------------------------------------------+
; zero_to_one_pulse ; Output ; Info     ; Connected to dangling logic. Logic that only feeds a dangling port will be removed. ;
; one_to_zero_pulse ; Output ; Info     ; Connected to dangling logic. Logic that only feeds a dangling port will be removed. ;
+-------------------+--------+----------+-------------------------------------------------------------------------------------+


+-----------------------------------------------------------------------------------------------------------------------------+
; Port Connectivity Checks: "debouncer:db1"                                                                                   ;
+-------------------+--------+----------+-------------------------------------------------------------------------------------+
; Port              ; Type   ; Severity ; Details                                                                             ;
+-------------------+--------+----------+-------------------------------------------------------------------------------------+
; zero_to_one_pulse ; Output ; Info     ; Connected to dangling logic. Logic that only feeds a dangling port will be removed. ;
; one_to_zero_pulse ; Output ; Info     ; Connected to dangling logic. Logic that only feeds a dangling port will be removed. ;
+-------------------+--------+----------+-------------------------------------------------------------------------------------+


+-----------------------------------------------------------------------------------------------------------------------------+
; Port Connectivity Checks: "debouncer:db0"                                                                                   ;
+-------------------+--------+----------+-------------------------------------------------------------------------------------+
; Port              ; Type   ; Severity ; Details                                                                             ;
+-------------------+--------+----------+-------------------------------------------------------------------------------------+
; zero_to_one_pulse ; Output ; Info     ; Connected to dangling logic. Logic that only feeds a dangling port will be removed. ;
; one_to_zero_pulse ; Output ; Info     ; Connected to dangling logic. Logic that only feeds a dangling port will be removed. ;
+-------------------+--------+----------+-------------------------------------------------------------------------------------+


+------------------------------------------------------------------------------------------------------------------------+
; Port Connectivity Checks: "Bin2BCD:bin2BCD"                                                                            ;
+--------------+--------+----------+-------------------------------------------------------------------------------------+
; Port         ; Type   ; Severity ; Details                                                                             ;
+--------------+--------+----------+-------------------------------------------------------------------------------------+
; binin[7..6]  ; Input  ; Info     ; Stuck at GND                                                                        ;
; binin1[7..6] ; Input  ; Info     ; Stuck at GND                                                                        ;
; binin2[7..5] ; Input  ; Info     ; Stuck at GND                                                                        ;
; bcdms[7..4]  ; Output ; Info     ; Connected to dangling logic. Logic that only feeds a dangling port will be removed. ;
; bcdls[7..4]  ; Output ; Info     ; Connected to dangling logic. Logic that only feeds a dangling port will be removed. ;
; bcdms1[7..4] ; Output ; Info     ; Connected to dangling logic. Logic that only feeds a dangling port will be removed. ;
; bcdls1[7..4] ; Output ; Info     ; Connected to dangling logic. Logic that only feeds a dangling port will be removed. ;
; bcdms2[7..4] ; Output ; Info     ; Connected to dangling logic. Logic that only feeds a dangling port will be removed. ;
; bcdls2[7..4] ; Output ; Info     ; Connected to dangling logic. Logic that only feeds a dangling port will be removed. ;
+--------------+--------+----------+-------------------------------------------------------------------------------------+


+-----------------------------------------------------+
; Post-Synthesis Netlist Statistics for Top Partition ;
+-----------------------+-----------------------------+
; Type                  ; Count                       ;
+-----------------------+-----------------------------+
; boundary_port         ; 72                          ;
; cycloneiii_ff         ; 127                         ;
;     ENA               ; 42                          ;
;     SCLR              ; 7                           ;
;     SLD               ; 1                           ;
;     plain             ; 77                          ;
; cycloneiii_lcell_comb ; 654                         ;
;     arith             ; 181                         ;
;         1 data inputs ; 7                           ;
;         2 data inputs ; 147                         ;
;         3 data inputs ; 27                          ;
;     normal            ; 473                         ;
;         0 data inputs ; 10                          ;
;         1 data inputs ; 18                          ;
;         2 data inputs ; 73                          ;
;         3 data inputs ; 77                          ;
;         4 data inputs ; 295                         ;
;                       ;                             ;
; Max LUT depth         ; 10.80                       ;
; Average LUT depth     ; 6.02                        ;
+-----------------------+-----------------------------+


+-------------------------------+
; Elapsed Time Per Partition    ;
+----------------+--------------+
; Partition Name ; Elapsed Time ;
+----------------+--------------+
; Top            ; 00:00:02     ;
+----------------+--------------+


+-------------------------------+
; Analysis & Synthesis Messages ;
+-------------------------------+
Info: *******************************************************************
Info: Running Quartus Prime Analysis & Synthesis
    Info: Version 16.1.0 Build 196 10/24/2016 SJ Lite Edition
    Info: Processing started: Mon May 29 19:52:54 2017
Info: Command: quartus_map --read_settings_files=on --write_settings_files=off baseClock -c baseClock
Warning (18236): Number of processors has not been specified which may cause overloading on shared machines.  Set the global assignment NUM_PARALLEL_PROCESSORS in your QSF to an appropriate value for best performance.
Info (20030): Parallel compilation is enabled and will use 4 of the 4 processors detected
Info (12021): Found 2 design units, including 1 entities, in source file freqdivider.vhd
    Info (12022): Found design unit 1: freqDivider-Behavioral File: C:/Users/masil/Desktop/UA/1ano/2semestre/LSD/ProjetoFinal/Final/phase2/freqDivider.vhd Line: 11
    Info (12023): Found entity 1: freqDivider File: C:/Users/masil/Desktop/UA/1ano/2semestre/LSD/ProjetoFinal/Final/phase2/freqDivider.vhd Line: 5
Info (12021): Found 2 design units, including 1 entities, in source file bin7segdecoder.vhd
    Info (12022): Found design unit 1: Bin7SegDecoder-Behavioral File: C:/Users/masil/Desktop/UA/1ano/2semestre/LSD/ProjetoFinal/Final/phase2/Bin7SegDecoder.vhd Line: 10
    Info (12023): Found entity 1: Bin7SegDecoder File: C:/Users/masil/Desktop/UA/1ano/2semestre/LSD/ProjetoFinal/Final/phase2/Bin7SegDecoder.vhd Line: 4
Info (12021): Found 2 design units, including 1 entities, in source file bin2bcd.vhd
    Info (12022): Found design unit 1: Bin2BCD-Behavioral File: C:/Users/masil/Desktop/UA/1ano/2semestre/LSD/ProjetoFinal/Final/phase2/Bin2BCD.vhd Line: 17
    Info (12023): Found entity 1: Bin2BCD File: C:/Users/masil/Desktop/UA/1ano/2semestre/LSD/ProjetoFinal/Final/phase2/Bin2BCD.vhd Line: 5
Info (12021): Found 2 design units, including 1 entities, in source file clock.vhd
    Info (12022): Found design unit 1: Clock-Behavioral File: C:/Users/masil/Desktop/UA/1ano/2semestre/LSD/ProjetoFinal/Final/phase2/Clock.vhd Line: 36
    Info (12023): Found entity 1: Clock File: C:/Users/masil/Desktop/UA/1ano/2semestre/LSD/ProjetoFinal/Final/phase2/Clock.vhd Line: 5
Info (12021): Found 2 design units, including 1 entities, in source file debouncer.vhd
    Info (12022): Found design unit 1: debouncer-v1 File: C:/Users/masil/Desktop/UA/1ano/2semestre/LSD/ProjetoFinal/Final/phase2/debouncer.vhd Line: 32
    Info (12023): Found entity 1: debouncer File: C:/Users/masil/Desktop/UA/1ano/2semestre/LSD/ProjetoFinal/Final/phase2/debouncer.vhd Line: 14
Info (12127): Elaborating entity "Clock" for the top level hierarchy
Warning (10492): VHDL Process Statement warning at Clock.vhd(469): signal "SW" is read inside the Process Statement but isn't in the Process Statement's sensitivity list File: C:/Users/masil/Desktop/UA/1ano/2semestre/LSD/ProjetoFinal/Final/phase2/Clock.vhd Line: 469
Warning (10492): VHDL Process Statement warning at Clock.vhd(469): signal "cur_sel" is read inside the Process Statement but isn't in the Process Statement's sensitivity list File: C:/Users/masil/Desktop/UA/1ano/2semestre/LSD/ProjetoFinal/Final/phase2/Clock.vhd Line: 469
Warning (10492): VHDL Process Statement warning at Clock.vhd(473): signal "h2Dis" is read inside the Process Statement but isn't in the Process Statement's sensitivity list File: C:/Users/masil/Desktop/UA/1ano/2semestre/LSD/ProjetoFinal/Final/phase2/Clock.vhd Line: 473
Warning (10492): VHDL Process Statement warning at Clock.vhd(474): signal "h2Dis1" is read inside the Process Statement but isn't in the Process Statement's sensitivity list File: C:/Users/masil/Desktop/UA/1ano/2semestre/LSD/ProjetoFinal/Final/phase2/Clock.vhd Line: 474
Warning (10492): VHDL Process Statement warning at Clock.vhd(478): signal "SW" is read inside the Process Statement but isn't in the Process Statement's sensitivity list File: C:/Users/masil/Desktop/UA/1ano/2semestre/LSD/ProjetoFinal/Final/phase2/Clock.vhd Line: 478
Warning (10492): VHDL Process Statement warning at Clock.vhd(478): signal "cur_sel" is read inside the Process Statement but isn't in the Process Statement's sensitivity list File: C:/Users/masil/Desktop/UA/1ano/2semestre/LSD/ProjetoFinal/Final/phase2/Clock.vhd Line: 478
Warning (10492): VHDL Process Statement warning at Clock.vhd(482): signal "m2Dis" is read inside the Process Statement but isn't in the Process Statement's sensitivity list File: C:/Users/masil/Desktop/UA/1ano/2semestre/LSD/ProjetoFinal/Final/phase2/Clock.vhd Line: 482
Warning (10492): VHDL Process Statement warning at Clock.vhd(483): signal "m2Dis1" is read inside the Process Statement but isn't in the Process Statement's sensitivity list File: C:/Users/masil/Desktop/UA/1ano/2semestre/LSD/ProjetoFinal/Final/phase2/Clock.vhd Line: 483
Warning (10492): VHDL Process Statement warning at Clock.vhd(487): signal "SW" is read inside the Process Statement but isn't in the Process Statement's sensitivity list File: C:/Users/masil/Desktop/UA/1ano/2semestre/LSD/ProjetoFinal/Final/phase2/Clock.vhd Line: 487
Warning (10492): VHDL Process Statement warning at Clock.vhd(487): signal "cur_sel" is read inside the Process Statement but isn't in the Process Statement's sensitivity list File: C:/Users/masil/Desktop/UA/1ano/2semestre/LSD/ProjetoFinal/Final/phase2/Clock.vhd Line: 487
Warning (10492): VHDL Process Statement warning at Clock.vhd(491): signal "s2Dis" is read inside the Process Statement but isn't in the Process Statement's sensitivity list File: C:/Users/masil/Desktop/UA/1ano/2semestre/LSD/ProjetoFinal/Final/phase2/Clock.vhd Line: 491
Warning (10492): VHDL Process Statement warning at Clock.vhd(492): signal "s2Dis1" is read inside the Process Statement but isn't in the Process Statement's sensitivity list File: C:/Users/masil/Desktop/UA/1ano/2semestre/LSD/ProjetoFinal/Final/phase2/Clock.vhd Line: 492
Warning (10492): VHDL Process Statement warning at Clock.vhd(496): signal "SW" is read inside the Process Statement but isn't in the Process Statement's sensitivity list File: C:/Users/masil/Desktop/UA/1ano/2semestre/LSD/ProjetoFinal/Final/phase2/Clock.vhd Line: 496
Warning (10492): VHDL Process Statement warning at Clock.vhd(498): signal "am" is read inside the Process Statement but isn't in the Process Statement's sensitivity list File: C:/Users/masil/Desktop/UA/1ano/2semestre/LSD/ProjetoFinal/Final/phase2/Clock.vhd Line: 498
Warning (10873): Using initial value X (don't care) for net "LEDG[5]" at Clock.vhd(33) File: C:/Users/masil/Desktop/UA/1ano/2semestre/LSD/ProjetoFinal/Final/phase2/Clock.vhd Line: 33
Warning (10873): Using initial value X (don't care) for net "LEDG[3]" at Clock.vhd(33) File: C:/Users/masil/Desktop/UA/1ano/2semestre/LSD/ProjetoFinal/Final/phase2/Clock.vhd Line: 33
Warning (10873): Using initial value X (don't care) for net "LEDG[1]" at Clock.vhd(33) File: C:/Users/masil/Desktop/UA/1ano/2semestre/LSD/ProjetoFinal/Final/phase2/Clock.vhd Line: 33
Info (12129): Elaborating entity "Bin2BCD" using architecture "A:behavioral" for hierarchy "Bin2BCD:bin2BCD" File: C:/Users/masil/Desktop/UA/1ano/2semestre/LSD/ProjetoFinal/Final/phase2/Clock.vhd Line: 49
Info (12129): Elaborating entity "Bin7SegDecoder" using architecture "A:behavioral" for hierarchy "Bin7SegDecoder:b7segH" File: C:/Users/masil/Desktop/UA/1ano/2semestre/LSD/ProjetoFinal/Final/phase2/Clock.vhd Line: 60
Info (12129): Elaborating entity "freqDivider" using architecture "A:behavioral" for hierarchy "freqDivider:freqDiv" File: C:/Users/masil/Desktop/UA/1ano/2semestre/LSD/ProjetoFinal/Final/phase2/Clock.vhd Line: 85
Info (12129): Elaborating entity "freqDivider" using architecture "A:behavioral" for hierarchy "freqDivider:freqDiv2" File: C:/Users/masil/Desktop/UA/1ano/2semestre/LSD/ProjetoFinal/Final/phase2/Clock.vhd Line: 90
Info (12129): Elaborating entity "debouncer" using architecture "A:v1" for hierarchy "debouncer:db0" File: C:/Users/masil/Desktop/UA/1ano/2semestre/LSD/ProjetoFinal/Final/phase2/Clock.vhd Line: 95
Info (278001): Inferred 6 megafunctions from design logic
    Info (278004): Inferred divider/modulo megafunction ("lpm_divide") from the following logic: "Bin2BCD:bin2BCD|Mod0" File: C:/Users/masil/Desktop/UA/1ano/2semestre/LSD/ProjetoFinal/Final/phase2/Bin2BCD.vhd Line: 20
    Info (278004): Inferred divider/modulo megafunction ("lpm_divide") from the following logic: "Bin2BCD:bin2BCD|Div0" File: C:/Users/masil/Desktop/UA/1ano/2semestre/LSD/ProjetoFinal/Final/phase2/Bin2BCD.vhd Line: 19
    Info (278004): Inferred divider/modulo megafunction ("lpm_divide") from the following logic: "Bin2BCD:bin2BCD|Mod1" File: C:/Users/masil/Desktop/UA/1ano/2semestre/LSD/ProjetoFinal/Final/phase2/Bin2BCD.vhd Line: 22
    Info (278004): Inferred divider/modulo megafunction ("lpm_divide") from the following logic: "Bin2BCD:bin2BCD|Div1" File: C:/Users/masil/Desktop/UA/1ano/2semestre/LSD/ProjetoFinal/Final/phase2/Bin2BCD.vhd Line: 21
    Info (278004): Inferred divider/modulo megafunction ("lpm_divide") from the following logic: "Bin2BCD:bin2BCD|Mod2" File: C:/Users/masil/Desktop/UA/1ano/2semestre/LSD/ProjetoFinal/Final/phase2/Bin2BCD.vhd Line: 24
    Info (278004): Inferred divider/modulo megafunction ("lpm_divide") from the following logic: "Bin2BCD:bin2BCD|Div2" File: C:/Users/masil/Desktop/UA/1ano/2semestre/LSD/ProjetoFinal/Final/phase2/Bin2BCD.vhd Line: 23
Info (12130): Elaborated megafunction instantiation "Bin2BCD:bin2BCD|lpm_divide:Mod0" File: C:/Users/masil/Desktop/UA/1ano/2semestre/LSD/ProjetoFinal/Final/phase2/Bin2BCD.vhd Line: 20
Info (12133): Instantiated megafunction "Bin2BCD:bin2BCD|lpm_divide:Mod0" with the following parameter: File: C:/Users/masil/Desktop/UA/1ano/2semestre/LSD/ProjetoFinal/Final/phase2/Bin2BCD.vhd Line: 20
    Info (12134): Parameter "LPM_WIDTHN" = "8"
    Info (12134): Parameter "LPM_WIDTHD" = "8"
    Info (12134): Parameter "LPM_NREPRESENTATION" = "UNSIGNED"
    Info (12134): Parameter "LPM_DREPRESENTATION" = "UNSIGNED"
Info (12021): Found 1 design units, including 1 entities, in source file db/lpm_divide_q9m.tdf
    Info (12023): Found entity 1: lpm_divide_q9m File: C:/Users/masil/Desktop/UA/1ano/2semestre/LSD/ProjetoFinal/Final/phase2/db/lpm_divide_q9m.tdf Line: 25
Info (12021): Found 1 design units, including 1 entities, in source file db/sign_div_unsign_fkh.tdf
    Info (12023): Found entity 1: sign_div_unsign_fkh File: C:/Users/masil/Desktop/UA/1ano/2semestre/LSD/ProjetoFinal/Final/phase2/db/sign_div_unsign_fkh.tdf Line: 25
Info (12021): Found 1 design units, including 1 entities, in source file db/alt_u_div_i4f.tdf
    Info (12023): Found entity 1: alt_u_div_i4f File: C:/Users/masil/Desktop/UA/1ano/2semestre/LSD/ProjetoFinal/Final/phase2/db/alt_u_div_i4f.tdf Line: 27
Info (12021): Found 1 design units, including 1 entities, in source file db/add_sub_7pc.tdf
    Info (12023): Found entity 1: add_sub_7pc File: C:/Users/masil/Desktop/UA/1ano/2semestre/LSD/ProjetoFinal/Final/phase2/db/add_sub_7pc.tdf Line: 23
Info (12021): Found 1 design units, including 1 entities, in source file db/add_sub_8pc.tdf
    Info (12023): Found entity 1: add_sub_8pc File: C:/Users/masil/Desktop/UA/1ano/2semestre/LSD/ProjetoFinal/Final/phase2/db/add_sub_8pc.tdf Line: 23
Info (12130): Elaborated megafunction instantiation "Bin2BCD:bin2BCD|lpm_divide:Div0" File: C:/Users/masil/Desktop/UA/1ano/2semestre/LSD/ProjetoFinal/Final/phase2/Bin2BCD.vhd Line: 19
Info (12133): Instantiated megafunction "Bin2BCD:bin2BCD|lpm_divide:Div0" with the following parameter: File: C:/Users/masil/Desktop/UA/1ano/2semestre/LSD/ProjetoFinal/Final/phase2/Bin2BCD.vhd Line: 19
    Info (12134): Parameter "LPM_WIDTHN" = "8"
    Info (12134): Parameter "LPM_WIDTHD" = "4"
    Info (12134): Parameter "LPM_NREPRESENTATION" = "UNSIGNED"
    Info (12134): Parameter "LPM_DREPRESENTATION" = "UNSIGNED"
Info (12021): Found 1 design units, including 1 entities, in source file db/lpm_divide_jhm.tdf
    Info (12023): Found entity 1: lpm_divide_jhm File: C:/Users/masil/Desktop/UA/1ano/2semestre/LSD/ProjetoFinal/Final/phase2/db/lpm_divide_jhm.tdf Line: 25
Info (12021): Found 1 design units, including 1 entities, in source file db/sign_div_unsign_bkh.tdf
    Info (12023): Found entity 1: sign_div_unsign_bkh File: C:/Users/masil/Desktop/UA/1ano/2semestre/LSD/ProjetoFinal/Final/phase2/db/sign_div_unsign_bkh.tdf Line: 25
Info (12021): Found 1 design units, including 1 entities, in source file db/alt_u_div_a4f.tdf
    Info (12023): Found entity 1: alt_u_div_a4f File: C:/Users/masil/Desktop/UA/1ano/2semestre/LSD/ProjetoFinal/Final/phase2/db/alt_u_div_a4f.tdf Line: 27
Info (12130): Elaborated megafunction instantiation "Bin2BCD:bin2BCD|lpm_divide:Mod2" File: C:/Users/masil/Desktop/UA/1ano/2semestre/LSD/ProjetoFinal/Final/phase2/Bin2BCD.vhd Line: 24
Info (12133): Instantiated megafunction "Bin2BCD:bin2BCD|lpm_divide:Mod2" with the following parameter: File: C:/Users/masil/Desktop/UA/1ano/2semestre/LSD/ProjetoFinal/Final/phase2/Bin2BCD.vhd Line: 24
    Info (12134): Parameter "LPM_WIDTHN" = "8"
    Info (12134): Parameter "LPM_WIDTHD" = "8"
    Info (12134): Parameter "LPM_NREPRESENTATION" = "UNSIGNED"
    Info (12134): Parameter "LPM_DREPRESENTATION" = "UNSIGNED"
Info (12130): Elaborated megafunction instantiation "Bin2BCD:bin2BCD|lpm_divide:Div2" File: C:/Users/masil/Desktop/UA/1ano/2semestre/LSD/ProjetoFinal/Final/phase2/Bin2BCD.vhd Line: 23
Info (12133): Instantiated megafunction "Bin2BCD:bin2BCD|lpm_divide:Div2" with the following parameter: File: C:/Users/masil/Desktop/UA/1ano/2semestre/LSD/ProjetoFinal/Final/phase2/Bin2BCD.vhd Line: 23
    Info (12134): Parameter "LPM_WIDTHN" = "8"
    Info (12134): Parameter "LPM_WIDTHD" = "4"
    Info (12134): Parameter "LPM_NREPRESENTATION" = "UNSIGNED"
    Info (12134): Parameter "LPM_DREPRESENTATION" = "UNSIGNED"
Warning (13024): Output pins are stuck at VCC or GND
    Warning (13410): Pin "HEX0[0]" is stuck at VCC File: C:/Users/masil/Desktop/UA/1ano/2semestre/LSD/ProjetoFinal/Final/phase2/Clock.vhd Line: 23
    Warning (13410): Pin "HEX0[1]" is stuck at VCC File: C:/Users/masil/Desktop/UA/1ano/2semestre/LSD/ProjetoFinal/Final/phase2/Clock.vhd Line: 23
    Warning (13410): Pin "HEX0[3]" is stuck at VCC File: C:/Users/masil/Desktop/UA/1ano/2semestre/LSD/ProjetoFinal/Final/phase2/Clock.vhd Line: 23
    Warning (13410): Pin "HEX0[5]" is stuck at VCC File: C:/Users/masil/Desktop/UA/1ano/2semestre/LSD/ProjetoFinal/Final/phase2/Clock.vhd Line: 23
    Warning (13410): Pin "HEX1[3]" is stuck at VCC File: C:/Users/masil/Desktop/UA/1ano/2semestre/LSD/ProjetoFinal/Final/phase2/Clock.vhd Line: 24
    Warning (13410): Pin "LEDG[1]" is stuck at GND File: C:/Users/masil/Desktop/UA/1ano/2semestre/LSD/ProjetoFinal/Final/phase2/Clock.vhd Line: 33
    Warning (13410): Pin "LEDG[3]" is stuck at GND File: C:/Users/masil/Desktop/UA/1ano/2semestre/LSD/ProjetoFinal/Final/phase2/Clock.vhd Line: 33
    Warning (13410): Pin "LEDG[5]" is stuck at GND File: C:/Users/masil/Desktop/UA/1ano/2semestre/LSD/ProjetoFinal/Final/phase2/Clock.vhd Line: 33
Info (286030): Timing-Driven Synthesis is running
Info (16010): Generating hard_block partition "hard_block:auto_generated_inst"
    Info (16011): Adding 0 node(s), including 0 DDIO, 0 PLL, 0 transceiver and 0 LCELL
Warning (21074): Design contains 2 input pin(s) that do not drive logic
    Warning (15610): No output dependent on input pin "SW[2]" File: C:/Users/masil/Desktop/UA/1ano/2semestre/LSD/ProjetoFinal/Final/phase2/Clock.vhd Line: 17
    Warning (15610): No output dependent on input pin "SW[3]" File: C:/Users/masil/Desktop/UA/1ano/2semestre/LSD/ProjetoFinal/Final/phase2/Clock.vhd Line: 17
Info (21057): Implemented 726 device resources after synthesis - the final resource count might be different
    Info (21058): Implemented 9 input pins
    Info (21059): Implemented 63 output pins
    Info (21061): Implemented 654 logic cells
Info: Quartus Prime Analysis & Synthesis was successful. 0 errors, 30 warnings
    Info: Peak virtual memory: 697 megabytes
    Info: Processing ended: Mon May 29 19:53:07 2017
    Info: Elapsed time: 00:00:13
    Info: Total CPU time (on all processors): 00:00:26


