------------------------------------------------------------
TimeQuest Timing Analyzer Summary
------------------------------------------------------------

Type  : Slow 1200mV 85C Model Setup 'freqDivider:freqDiv2|clkOut'
Slack : -4.800
TNS   : -202.638

Type  : Slow 1200mV 85C Model Setup 'CLOCK_50'
Slack : -4.397
TNS   : -151.782

Type  : Slow 1200mV 85C Model Hold 'freqDivider:freqDiv2|clkOut'
Slack : 0.340
TNS   : 0.000

Type  : Slow 1200mV 85C Model Hold 'CLOCK_50'
Slack : 0.404
TNS   : 0.000

Type  : Slow 1200mV 85C Model Minimum Pulse Width 'CLOCK_50'
Slack : -3.000
TNS   : -92.950

Type  : Slow 1200mV 85C Model Minimum Pulse Width 'freqDivider:freqDiv2|clkOut'
Slack : -1.285
TNS   : -73.245

Type  : Slow 1200mV 0C Model Setup 'freqDivider:freqDiv2|clkOut'
Slack : -4.296
TNS   : -180.552

Type  : Slow 1200mV 0C Model Setup 'CLOCK_50'
Slack : -3.979
TNS   : -131.336

Type  : Slow 1200mV 0C Model Hold 'freqDivider:freqDiv2|clkOut'
Slack : 0.309
TNS   : 0.000

Type  : Slow 1200mV 0C Model Hold 'CLOCK_50'
Slack : 0.355
TNS   : 0.000

Type  : Slow 1200mV 0C Model Minimum Pulse Width 'CLOCK_50'
Slack : -3.000
TNS   : -92.950

Type  : Slow 1200mV 0C Model Minimum Pulse Width 'freqDivider:freqDiv2|clkOut'
Slack : -1.285
TNS   : -73.245

Type  : Fast 1200mV 0C Model Setup 'freqDivider:freqDiv2|clkOut'
Slack : -1.857
TNS   : -71.107

Type  : Fast 1200mV 0C Model Setup 'CLOCK_50'
Slack : -1.757
TNS   : -42.668

Type  : Fast 1200mV 0C Model Hold 'freqDivider:freqDiv2|clkOut'
Slack : 0.127
TNS   : 0.000

Type  : Fast 1200mV 0C Model Hold 'CLOCK_50'
Slack : 0.183
TNS   : 0.000

Type  : Fast 1200mV 0C Model Minimum Pulse Width 'CLOCK_50'
Slack : -3.000
TNS   : -77.435

Type  : Fast 1200mV 0C Model Minimum Pulse Width 'freqDivider:freqDiv2|clkOut'
Slack : -1.000
TNS   : -57.000

------------------------------------------------------------
